{
  "mcpServers": {
    "context7": {
      "_usync": {
        "at": "{{TIMESTAMP}}",
        "managedBy": "usync",
        "planID": ""
      },
      "args": [
        "-y",
        "@upstash/context7-mcp",
        "--api-key",
        "ctx7sk-1234567890"
      ],
      "command": "npx"
    }
  }
}
